
> corporate-web-builder@0.0.0 build
> tsc && vite build

client/src/data/products.ts(19,1): error TS6133: 'rootXGRImg' is declared but its value is never read.
client/src/pages/Products.tsx(10,20): error TS6133: 'categories' is declared but its value is never read.
